
F:\Code\PythonBasic\teach>git add . 

F:\Code\PythonBasic\teach>git commit -m "classifity_model" 
On branch master
Your branch is ahead of 'netML/master' by 2 commits.
  (use "git push" to publish your local commits)

Changes not staged for commit:
  (use "git add <file>..." to update what will be committed)
  (use "git restore <file>..." to discard changes in working directory)
	modified:   log.txt

no changes added to commit (use "git add" and/or "git commit -a")

F:\Code\PythonBasic\teach>git status 
On branch master
Your branch is ahead of 'netML/master' by 2 commits.
  (use "git push" to publish your local commits)

Changes not staged for commit:
  (use "git add <file>..." to update what will be committed)
  (use "git restore <file>..." to discard changes in working directory)
	modified:   log.txt

no changes added to commit (use "git add" and/or "git commit -a")

F:\Code\PythonBasic\teach>git push netML master 
